npm verbose cli /usr/local/bin/node /usr/local/bin/npm
npm info using npm@11.3.0
npm info using node@v24.1.0
npm verbose title npm install
npm verbose argv "install" "--loglevel" "verbose"
npm verbose logfile logs-max:10 dir:/Users/melissa.gentles1/.npm/_logs/2026-08-25T12_50_13_069Z-
npm verbose logfile /Users/melissa.gentles1/.npm/_logs/2026-08-25T12_50_13_069Z-debug-0.log
npm http cache https://registry.npmjs.org/govuk-prototype-kit 5ms (cache hit)
npm http cache https://registry.npmjs.org/@dwp%2fdwp-frontend 2ms (cache hit)
npm http cache https://registry.npmjs.org/@govuk-prototype-kit%2fcommon-templates 1ms (cache hit)
npm http cache https://registry.npmjs.org/govuk-frontend 1ms (cache hit)
npm http cache https://registry.npmjs.org/body-parser 1ms (cache hit)
npm http cache https://registry.npmjs.org/express 2ms (cache hit)
npm http cache https://registry.npmjs.org/qs 1ms (cache hit)
npm http cache https://registry.npmjs.org/raw-body 7ms (cache hit)
npm http cache https://registry.npmjs.org/@esbuild%2flinux-x64 9ms (cache hit)
npm http cache https://registry.npmjs.org/type-is 9ms (cache hit)
npm http cache https://registry.npmjs.org/bytes 10ms (cache hit)
npm http cache https://registry.npmjs.org/on-finished 9ms (cache hit)
npm http cache https://registry.npmjs.org/debug 11ms (cache hit)
npm http cache https://registry.npmjs.org/depd 11ms (cache hit)
npm http cache https://registry.npmjs.org/content-type 11ms (cache hit)
npm http cache https://registry.npmjs.org/http-errors 11ms (cache hit)
npm http cache https://registry.npmjs.org/once 12ms (cache hit)
npm http cache https://registry.npmjs.org/iconv-lite 13ms (cache hit)
npm http cache https://registry.npmjs.org/debug 13ms (cache hit)
npm http cache https://registry.npmjs.org/vary 13ms (cache hit)
npm http cache https://registry.npmjs.org/etag 14ms (cache hit)
npm http cache https://registry.npmjs.org/fresh 14ms (cache hit)
npm http cache https://registry.npmjs.org/send 15ms (cache hit)
npm http cache https://registry.npmjs.org/cookie 15ms (cache hit)
npm http cache https://registry.npmjs.org/statuses 10ms (cache hit)
npm http cache https://registry.npmjs.org/accepts 11ms (cache hit)
npm http cache https://registry.npmjs.org/parseurl 11ms (cache hit)
npm http cache https://registry.npmjs.org/router 13ms (cache hit)
npm http cache https://registry.npmjs.org/proxy-addr 10ms (cache hit)
npm http cache https://registry.npmjs.org/encodeurl 13ms (cache hit)
npm http cache https://registry.npmjs.org/escape-html 11ms (cache hit)
npm http cache https://registry.npmjs.org/finalhandler 10ms (cache hit)
npm http cache https://registry.npmjs.org/mime-types 13ms (cache hit)
npm http cache https://registry.npmjs.org/range-parser 12ms (cache hit)
npm http cache https://registry.npmjs.org/cookie-signature 11ms (cache hit)
npm http cache https://registry.npmjs.org/serve-static 13ms (cache hit)
npm http cache https://registry.npmjs.org/merge-descriptors 14ms (cache hit)
npm http cache https://registry.npmjs.org/content-disposition 13ms (cache hit)
npm http cache https://registry.npmjs.org/del 13ms (cache hit)
npm http cache https://registry.npmjs.org/sass 14ms (cache hit)
npm http cache https://registry.npmjs.org/dotenv 14ms (cache hit)
npm http cache https://registry.npmjs.org/lodash 15ms (cache hit)
npm http cache https://registry.npmjs.org/semver 15ms (cache hit)
npm http cache https://registry.npmjs.org/marked 18ms (cache hit)
npm http cache https://registry.npmjs.org/nodemon 19ms (cache hit)
npm http cache https://registry.npmjs.org/chokidar 21ms (cache hit)
npm http cache https://registry.npmjs.org/fs-extra 22ms (cache hit)
npm http cache https://registry.npmjs.org/nunjucks 26ms (cache hit)
npm http cache https://registry.npmjs.org/tar-stream 24ms (cache hit)
npm http cache https://registry.npmjs.org/cross-spawn 24ms (cache hit)
npm http cache https://registry.npmjs.org/portscanner 25ms (cache hit)
npm http cache https://registry.npmjs.org/ansi-colors 26ms (cache hit)
npm http cache https://registry.npmjs.org/csrf-csrf 27ms (cache hit)
npm http cache https://registry.npmjs.org/cookie-parser 24ms (cache hit)
npm http cache https://registry.npmjs.org/express-session 23ms (cache hit)
npm http cache https://registry.npmjs.org/browser-sync 26ms (cache hit)
npm http cache https://registry.npmjs.org/@inquirer%2fconfirm 25ms (cache hit)
npm http cache https://registry.npmjs.org/side-channel 24ms (cache hit)
npm http cache https://registry.npmjs.org/setprototypeof 3ms (cache hit)
npm http cache https://registry.npmjs.org/toidentifier 3ms (cache hit)
npm http cache https://registry.npmjs.org/ms 3ms (cache hit)
npm http cache https://registry.npmjs.org/safer-buffer 4ms (cache hit)
npm http cache https://registry.npmjs.org/ee-first 4ms (cache hit)
npm http cache https://registry.npmjs.org/unpipe 4ms (cache hit)
npm http cache https://registry.npmjs.org/inherits 4ms (cache hit)
npm http cache https://registry.npmjs.org/media-typer 5ms (cache hit)
npm http cache https://registry.npmjs.org/negotiator 2ms (cache hit)
npm http cache https://registry.npmjs.org/mime-db 3ms (cache hit)
npm http cache https://registry.npmjs.org/forwarded 4ms (cache hit)
npm http cache https://registry.npmjs.org/wrappy 4ms (cache hit)
npm http cache https://registry.npmjs.org/is-promise 4ms (cache hit)
npm http cache https://registry.npmjs.org/ipaddr.js 4ms (cache hit)
npm http cache https://registry.npmjs.org/path-to-regexp 5ms (cache hit)
npm http cache https://registry.npmjs.org/side-channel-list 3ms (cache hit)
npm http cache https://registry.npmjs.org/es-errors 3ms (cache hit)
npm http cache https://registry.npmjs.org/side-channel-weakmap 3ms (cache hit)
npm http cache https://registry.npmjs.org/side-channel-map 3ms (cache hit)
npm http cache https://registry.npmjs.org/object-inspect 4ms (cache hit)
npm http cache https://registry.npmjs.org/call-bound 2ms (cache hit)
npm http cache https://registry.npmjs.org/get-intrinsic 2ms (cache hit)
npm http cache https://registry.npmjs.org/call-bound 2ms (cache hit)
npm http cache https://registry.npmjs.org/get-intrinsic 2ms (cache hit)
npm http cache https://registry.npmjs.org/gopd 3ms (cache hit)
npm http cache https://registry.npmjs.org/get-proto 4ms (cache hit)
npm http cache https://registry.npmjs.org/hasown 4ms (cache hit)
npm http cache https://registry.npmjs.org/call-bind-apply-helpers 4ms (cache hit)
npm http cache https://registry.npmjs.org/es-object-atoms 4ms (cache hit)
npm http cache https://registry.npmjs.org/call-bind-apply-helpers 4ms (cache hit)
npm http cache https://registry.npmjs.org/function-bind 5ms (cache hit)
npm http cache https://registry.npmjs.org/has-symbols 5ms (cache hit)
npm http cache https://registry.npmjs.org/es-define-property 4ms (cache hit)
npm http cache https://registry.npmjs.org/math-intrinsics 4ms (cache hit)
npm http cache https://registry.npmjs.org/dunder-proto 2ms (cache hit)
npm http cache govuk-prototype-kit@https://registry.npmjs.org/govuk-prototype-kit/-/govuk-prototype-kit-13.20.2.tgz 0ms (cache hit)
npm verbose reify failed optional dependency /Users/melissa.gentles1/Documents/Refactor-Workspace/cacsr-refactor/node_modules/@esbuild/linux-x64
npm verbose reify failed optional dependency /Users/melissa.gentles1/Documents/Refactor-Workspace/cacsr-refactor/node_modules/govuk-prototype-kit/node_modules/@parcel/watcher-win32-x64
npm verbose reify failed optional dependency /Users/melissa.gentles1/Documents/Refactor-Workspace/cacsr-refactor/node_modules/govuk-prototype-kit/node_modules/@parcel/watcher-win32-ia32
npm verbose reify failed optional dependency /Users/melissa.gentles1/Documents/Refactor-Workspace/cacsr-refactor/node_modules/govuk-prototype-kit/node_modules/@parcel/watcher-win32-arm64
npm verbose reify failed optional dependency /Users/melissa.gentles1/Documents/Refactor-Workspace/cacsr-refactor/node_modules/govuk-prototype-kit/node_modules/@parcel/watcher-linux-x64-musl
npm verbose reify failed optional dependency /Users/melissa.gentles1/Documents/Refactor-Workspace/cacsr-refactor/node_modules/govuk-prototype-kit/node_modules/@parcel/watcher-linux-x64-glibc
npm verbose reify failed optional dependency /Users/melissa.gentles1/Documents/Refactor-Workspace/cacsr-refactor/node_modules/govuk-prototype-kit/node_modules/@parcel/watcher-linux-arm64-musl
npm verbose reify failed optional dependency /Users/melissa.gentles1/Documents/Refactor-Workspace/cacsr-refactor/node_modules/govuk-prototype-kit/node_modules/@parcel/watcher-linux-arm64-glibc
npm verbose reify failed optional dependency /Users/melissa.gentles1/Documents/Refactor-Workspace/cacsr-refactor/node_modules/govuk-prototype-kit/node_modules/@parcel/watcher-linux-arm-musl
npm verbose reify failed optional dependency /Users/melissa.gentles1/Documents/Refactor-Workspace/cacsr-refactor/node_modules/govuk-prototype-kit/node_modules/@parcel/watcher-linux-arm-glibc
npm verbose reify failed optional dependency /Users/melissa.gentles1/Documents/Refactor-Workspace/cacsr-refactor/node_modules/govuk-prototype-kit/node_modules/@parcel/watcher-freebsd-x64
npm verbose reify failed optional dependency /Users/melissa.gentles1/Documents/Refactor-Workspace/cacsr-refactor/node_modules/govuk-prototype-kit/node_modules/@parcel/watcher-darwin-x64
npm verbose reify failed optional dependency /Users/melissa.gentles1/Documents/Refactor-Workspace/cacsr-refactor/node_modules/govuk-prototype-kit/node_modules/@parcel/watcher-android-arm64
npm http cache media-typer@https://registry.npmjs.org/media-typer/-/media-typer-1.1.1.tgz 0ms (cache hit)
npm http cache dunder-proto@https://registry.npmjs.org/dunder-proto/-/dunder-proto-1.0.1.tgz 0ms (cache hit)
npm http cache math-intrinsics@https://registry.npmjs.org/math-intrinsics/-/math-intrinsics-1.1.0.tgz 0ms (cache hit)
npm http cache hasown@https://registry.npmjs.org/hasown/-/hasown-2.0.4.tgz 0ms (cache hit)
npm http cache get-proto@https://registry.npmjs.org/get-proto/-/get-proto-1.0.1.tgz 0ms (cache hit)
npm http cache has-symbols@https://registry.npmjs.org/has-symbols/-/has-symbols-1.1.0.tgz 0ms (cache hit)
npm http cache gopd@https://registry.npmjs.org/gopd/-/gopd-1.2.0.tgz 0ms (cache hit)
npm http cache es-define-property@https://registry.npmjs.org/es-define-property/-/es-define-property-1.0.1.tgz 0ms (cache hit)
npm http cache es-object-atoms@https://registry.npmjs.org/es-object-atoms/-/es-object-atoms-1.1.2.tgz 0ms (cache hit)
npm http cache call-bind-apply-helpers@https://registry.npmjs.org/call-bind-apply-helpers/-/call-bind-apply-helpers-1.0.2.tgz 0ms (cache hit)
npm http cache function-bind@https://registry.npmjs.org/function-bind/-/function-bind-1.1.2.tgz 0ms (cache hit)
npm http cache get-intrinsic@https://registry.npmjs.org/get-intrinsic/-/get-intrinsic-1.3.0.tgz 0ms (cache hit)
npm http cache call-bound@https://registry.npmjs.org/call-bound/-/call-bound-1.0.4.tgz 0ms (cache hit)
npm http cache side-channel-map@https://registry.npmjs.org/side-channel-map/-/side-channel-map-1.0.1.tgz 0ms (cache hit)
npm http cache side-channel-weakmap@https://registry.npmjs.org/side-channel-weakmap/-/side-channel-weakmap-1.0.2.tgz 0ms (cache hit)
npm http cache object-inspect@https://registry.npmjs.org/object-inspect/-/object-inspect-1.13.4.tgz 0ms (cache hit)
npm http cache side-channel-list@https://registry.npmjs.org/side-channel-list/-/side-channel-list-1.0.1.tgz 0ms (cache hit)
npm http cache path-to-regexp@https://registry.npmjs.org/path-to-regexp/-/path-to-regexp-8.4.2.tgz 0ms (cache hit)
npm http cache is-promise@https://registry.npmjs.org/is-promise/-/is-promise-4.0.0.tgz 0ms (cache hit)
npm http cache side-channel@https://registry.npmjs.org/side-channel/-/side-channel-1.1.1.tgz 0ms (cache hit)
npm http cache forwarded@https://registry.npmjs.org/forwarded/-/forwarded-0.2.0.tgz 0ms (cache hit)
npm http cache ipaddr.js@https://registry.npmjs.org/ipaddr.js/-/ipaddr.js-1.9.1.tgz 0ms (cache hit)
npm http cache es-errors@https://registry.npmjs.org/es-errors/-/es-errors-1.3.0.tgz 0ms (cache hit)
npm http cache unpipe@https://registry.npmjs.org/unpipe/-/unpipe-1.0.0.tgz 0ms (cache hit)
npm http cache wrappy@https://registry.npmjs.org/wrappy/-/wrappy-1.0.2.tgz 0ms (cache hit)
npm http cache mime-db@https://registry.npmjs.org/mime-db/-/mime-db-1.54.0.tgz 0ms (cache hit)
npm http cache toidentifier@https://registry.npmjs.org/toidentifier/-/toidentifier-1.0.1.tgz 0ms (cache hit)
npm http cache safer-buffer@https://registry.npmjs.org/safer-buffer/-/safer-buffer-2.1.2.tgz 0ms (cache hit)
npm http cache setprototypeof@https://registry.npmjs.org/setprototypeof/-/setprototypeof-1.2.0.tgz 0ms (cache hit)
npm http cache vary@https://registry.npmjs.org/vary/-/vary-1.1.2.tgz 0ms (cache hit)
npm http cache ee-first@https://registry.npmjs.org/ee-first/-/ee-first-1.1.1.tgz 0ms (cache hit)
npm http cache negotiator@https://registry.npmjs.org/negotiator/-/negotiator-1.1.0.tgz 0ms (cache hit)
npm http cache inherits@https://registry.npmjs.org/inherits/-/inherits-2.0.4.tgz 0ms (cache hit)
npm http cache statuses@https://registry.npmjs.org/statuses/-/statuses-2.0.2.tgz 0ms (cache hit)
npm http cache send@https://registry.npmjs.org/send/-/send-1.2.1.tgz 0ms (cache hit)
npm http cache serve-static@https://registry.npmjs.org/serve-static/-/serve-static-2.2.1.tgz 0ms (cache hit)
npm http cache router@https://registry.npmjs.org/router/-/router-2.2.0.tgz 0ms (cache hit)
npm http cache range-parser@https://registry.npmjs.org/range-parser/-/range-parser-1.3.0.tgz 0ms (cache hit)
npm http cache parseurl@https://registry.npmjs.org/parseurl/-/parseurl-1.3.3.tgz 0ms (cache hit)
npm http cache once@https://registry.npmjs.org/once/-/once-1.4.0.tgz 0ms (cache hit)
npm http cache mime-types@https://registry.npmjs.org/mime-types/-/mime-types-3.0.2.tgz 0ms (cache hit)
npm http cache merge-descriptors@https://registry.npmjs.org/merge-descriptors/-/merge-descriptors-2.0.0.tgz 0ms (cache hit)
npm http cache etag@https://registry.npmjs.org/etag/-/etag-1.8.1.tgz 0ms (cache hit)
npm http cache escape-html@https://registry.npmjs.org/escape-html/-/escape-html-1.0.3.tgz 0ms (cache hit)
npm http cache encodeurl@https://registry.npmjs.org/encodeurl/-/encodeurl-2.0.0.tgz 0ms (cache hit)
npm http cache proxy-addr@https://registry.npmjs.org/proxy-addr/-/proxy-addr-2.0.7.tgz 0ms (cache hit)
npm http cache fresh@https://registry.npmjs.org/fresh/-/fresh-2.0.0.tgz 0ms (cache hit)
npm http cache depd@https://registry.npmjs.org/depd/-/depd-2.0.0.tgz 0ms (cache hit)
npm http cache finalhandler@https://registry.npmjs.org/finalhandler/-/finalhandler-2.1.1.tgz 0ms (cache hit)
npm http cache content-disposition@https://registry.npmjs.org/content-disposition/-/content-disposition-1.1.0.tgz 0ms (cache hit)
npm http cache cookie@https://registry.npmjs.org/cookie/-/cookie-0.7.2.tgz 0ms (cache hit)
npm http cache accepts@https://registry.npmjs.org/accepts/-/accepts-2.0.0.tgz 0ms (cache hit)
npm http cache raw-body@https://registry.npmjs.org/raw-body/-/raw-body-3.0.2.tgz 0ms (cache hit)
npm http cache ms@https://registry.npmjs.org/ms/-/ms-2.1.3.tgz 0ms (cache hit)
npm http cache type-is@https://registry.npmjs.org/type-is/-/type-is-2.1.0.tgz 0ms (cache hit)
npm http cache on-finished@https://registry.npmjs.org/on-finished/-/on-finished-2.4.1.tgz 0ms (cache hit)
npm http cache debug@https://registry.npmjs.org/debug/-/debug-4.4.3.tgz 0ms (cache hit)
npm http cache http-errors@https://registry.npmjs.org/http-errors/-/http-errors-2.0.1.tgz 0ms (cache hit)
npm http cache bytes@https://registry.npmjs.org/bytes/-/bytes-3.1.2.tgz 0ms (cache hit)
npm http cache qs@https://registry.npmjs.org/qs/-/qs-6.15.2.tgz 0ms (cache hit)
npm http cache iconv-lite@https://registry.npmjs.org/iconv-lite/-/iconv-lite-0.7.3.tgz 0ms (cache hit)
npm http cache express@https://registry.npmjs.org/express/-/express-5.2.1.tgz 0ms (cache hit)
npm http cache govuk-frontend@https://registry.npmjs.org/govuk-frontend/-/govuk-frontend-6.2.0.tgz 0ms (cache hit)
npm http cache cookie-signature@https://registry.npmjs.org/cookie-signature/-/cookie-signature-1.2.2.tgz 0ms (cache hit)
npm http cache @govuk-prototype-kit/common-templates@https://registry.npmjs.org/@govuk-prototype-kit/common-templates/-/common-templates-3.0.0.tgz 0ms (cache hit)
npm http cache @dwp/dwp-frontend@https://registry.npmjs.org/@dwp/dwp-frontend/-/dwp-frontend-4.1.0.tgz 0ms (cache hit)
npm http cache content-type@https://registry.npmjs.org/content-type/-/content-type-2.1.0.tgz 0ms (cache hit)
npm http cache content-type@https://registry.npmjs.org/content-type/-/content-type-1.0.5.tgz 0ms (cache hit)
npm http cache yoctocolors-cjs@https://<redacted>/yoctocolors-cjs/-/yoctocolors-cjs-2.1.3.tgz 0ms (cache hit)
npm http cache content-type@https://registry.npmjs.org/content-type/-/content-type-2.1.0.tgz 0ms (cache hit)
npm http cache yargs-parser@https://<redacted>/yargs-parser/-/yargs-parser-21.0.1.tgz 0ms (cache hit)
npm http cache y18n@https://<redacted>/y18n/-/y18n-5.0.8.tgz 0ms (cache hit)
npm http cache xmlhttprequest-ssl@https://<redacted>/xmlhttprequest-ssl/-/xmlhttprequest-ssl-2.1.2.tgz 0ms (cache hit)
npm http cache body-parser@https://registry.npmjs.org/body-parser/-/body-parser-2.2.2.tgz 0ms (cache hit)
npm http cache yargs@https://<redacted>/yargs/-/yargs-17.4.0.tgz 0ms (cache hit)
npm http cache wrappy@https://<redacted>/wrappy/-/wrappy-1.0.2.tgz 0ms (cache hit)
npm http cache wrap-ansi@https://<redacted>/wrap-ansi/-/wrap-ansi-7.0.0.tgz 0ms (cache hit)
npm http cache ws@https://<redacted>/ws/-/ws-8.21.0.tgz 0ms (cache hit)
npm http cache which@https://<redacted>/which/-/which-2.0.2.tgz 0ms (cache hit)
npm http cache vary@https://<redacted>/vary/-/vary-1.1.2.tgz 0ms (cache hit)
npm http cache utils-merge@https://<redacted>/utils-merge/-/utils-merge-1.0.1.tgz 0ms (cache hit)
npm http cache unpipe@https://<redacted>/unpipe/-/unpipe-1.0.0.tgz 0ms (cache hit)
npm http cache universalify@https://<redacted>/universalify/-/universalify-0.1.2.tgz 0ms (cache hit)
npm http cache undici-types@https://<redacted>/undici-types/-/undici-types-6.21.0.tgz 0ms (cache hit)
npm http cache ua-parser-js@https://<redacted>/ua-parser-js/-/ua-parser-js-1.0.35.tgz 0ms (cache hit)
npm http cache type-is@https://<redacted>/type-is/-/type-is-1.6.18.tgz 0ms (cache hit)
npm http cache touch@https://<redacted>/touch/-/touch-3.1.0.tgz 0ms (cache hit)
npm http cache toidentifier@https://<redacted>/toidentifier/-/toidentifier-1.0.1.tgz 0ms (cache hit)
npm http cache undefsafe@https://<redacted>/undefsafe/-/undefsafe-2.0.5.tgz 0ms (cache hit)
npm http cache to-regex-range@https://<redacted>/to-regex-range/-/to-regex-range-5.0.1.tgz 0ms (cache hit)
npm http cache uid-safe@https://<redacted>/uid-safe/-/uid-safe-2.1.5.tgz 0ms (cache hit)
npm http cache tar-stream@https://<redacted>/tar-stream/-/tar-stream-3.1.7.tgz 0ms (cache hit)
npm http cache supports-color@https://<redacted>/supports-color/-/supports-color-7.2.0.tgz 0ms (cache hit)
npm http cache strip-ansi@https://<redacted>/strip-ansi/-/strip-ansi-6.0.1.tgz 0ms (cache hit)
npm http cache stream-throttle@https://<redacted>/stream-throttle/-/stream-throttle-0.1.3.tgz 0ms (cache hit)
npm http cache has-flag@https://<redacted>/has-flag/-/has-flag-4.0.0.tgz 0ms (cache hit)
npm http cache statuses@https://<redacted>/statuses/-/statuses-1.5.0.tgz 0ms (cache hit)
npm http cache string-width@https://<redacted>/string-width/-/string-width-4.2.3.tgz 0ms (cache hit)
npm http cache streamx@https://<redacted>/streamx/-/streamx-2.15.0.tgz 0ms (cache hit)
npm http cache ms@https://<redacted>/ms/-/ms-2.1.3.tgz 0ms (cache hit)
npm http cache source-map-js@https://<redacted>/source-map-js/-/source-map-js-1.0.2.tgz 0ms (cache hit)
npm http cache socket.io-client@https://<redacted>/socket.io-client/-/socket.io-client-4.8.1.tgz 0ms (cache hit)
npm http cache debug@https://<redacted>/debug/-/debug-4.4.3.tgz 0ms (cache hit)
npm http cache socket.io-adapter@https://<redacted>/socket.io-adapter/-/socket.io-adapter-2.5.8.tgz 0ms (cache hit)
npm http cache socket.io-parser@https://<redacted>/socket.io-parser/-/socket.io-parser-4.2.6.tgz 0ms (cache hit)
npm http cache ms@https://<redacted>/ms/-/ms-2.1.3.tgz 0ms (cache hit)
npm http cache debug@https://<redacted>/debug/-/debug-4.3.7.tgz 0ms (cache hit)
npm http cache ms@https://<redacted>/ms/-/ms-2.1.3.tgz 0ms (cache hit)
npm http cache socket.io@https://<redacted>/socket.io/-/socket.io-4.8.1.tgz 0ms (cache hit)
npm http cache simple-update-notifier@https://<redacted>/simple-update-notifier/-/simple-update-notifier-2.0.0.tgz 0ms (cache hit)
npm http cache debug@https://<redacted>/debug/-/debug-4.4.3.tgz 0ms (cache hit)
npm http cache side-channel-map@https://<redacted>/side-channel-map/-/side-channel-map-1.0.1.tgz 0ms (cache hit)
npm http cache ms@https://<redacted>/ms/-/ms-2.1.2.tgz 0ms (cache hit)
npm http cache slash@https://<redacted>/slash/-/slash-3.0.0.tgz 0ms (cache hit)
npm http cache debug@https://<redacted>/debug/-/debug-4.3.4.tgz 0ms (cache hit)
npm http cache side-channel-list@https://<redacted>/side-channel-list/-/side-channel-list-1.0.0.tgz 0ms (cache hit)
npm http cache side-channel@https://<redacted>/side-channel/-/side-channel-1.1.0.tgz 0ms (cache hit)
npm http cache shebang-regex@https://<redacted>/shebang-regex/-/shebang-regex-3.0.0.tgz 0ms (cache hit)
npm http cache shebang-command@https://<redacted>/shebang-command/-/shebang-command-2.0.0.tgz 0ms (cache hit)
npm http cache side-channel-weakmap@https://<redacted>/side-channel-weakmap/-/side-channel-weakmap-1.0.2.tgz 0ms (cache hit)
npm http cache setprototypeof@https://<redacted>/setprototypeof/-/setprototypeof-1.2.0.tgz 0ms (cache hit)
npm http cache serve-static@https://<redacted>/serve-static/-/serve-static-1.16.2.tgz 0ms (cache hit)
npm http cache send@https://<redacted>/send/-/send-0.19.0.tgz 0ms (cache hit)
npm http cache on-finished@https://<redacted>/on-finished/-/on-finished-2.4.1.tgz 0ms (cache hit)
npm http cache statuses@https://<redacted>/statuses/-/statuses-2.0.1.tgz 0ms (cache hit)
npm http cache server-destroy@https://<redacted>/server-destroy/-/server-destroy-1.0.1.tgz 0ms (cache hit)
npm http cache encodeurl@https://<redacted>/encodeurl/-/encodeurl-2.0.0.tgz 0ms (cache hit)
npm http cache serve-index@https://<redacted>/serve-index/-/serve-index-1.9.1.tgz 0ms (cache hit)
npm http cache depd@https://<redacted>/depd/-/depd-2.0.0.tgz 0ms (cache hit)
npm http cache setprototypeof@https://<redacted>/setprototypeof/-/setprototypeof-1.1.0.tgz 0ms (cache hit)
npm http cache ms@https://<redacted>/ms/-/ms-2.1.3.tgz 0ms (cache hit)
npm http cache statuses@https://<redacted>/statuses/-/statuses-2.0.1.tgz 0ms (cache hit)
npm http cache on-finished@https://<redacted>/on-finished/-/on-finished-2.4.1.tgz 0ms (cache hit)
npm http cache ms@https://<redacted>/ms/-/ms-2.1.3.tgz 0ms (cache hit)
npm http cache encodeurl@https://<redacted>/encodeurl/-/encodeurl-2.0.0.tgz 0ms (cache hit)
npm http cache send@https://<redacted>/send/-/send-0.19.1.tgz 0ms (cache hit)
npm http cache depd@https://<redacted>/depd/-/depd-2.0.0.tgz 0ms (cache hit)
npm http cache http-errors@https://<redacted>/http-errors/-/http-errors-1.6.3.tgz 0ms (cache hit)
npm http cache sass@https://<redacted>/sass/-/sass-1.89.2.tgz 0ms (cache hit)
npm http cache encodeurl@https://<redacted>/encodeurl/-/encodeurl-1.0.2.tgz 0ms (cache hit)
npm http cache readdirp@https://<redacted>/readdirp/-/readdirp-4.1.2.tgz 0ms (cache hit)
npm http cache immutable@https://<redacted>/immutable/-/immutable-5.1.5.tgz 0ms (cache hit)
npm http cache chokidar@https://<redacted>/chokidar/-/chokidar-4.0.3.tgz 0ms (cache hit)
npm http cache rx@https://<redacted>/rx/-/rx-4.1.0.tgz 0ms (cache hit)
npm http cache semver@https://<redacted>/semver/-/semver-7.7.2.tgz 0ms (cache hit)
npm http cache run-parallel@https://<redacted>/run-parallel/-/run-parallel-1.2.0.tgz 0ms (cache hit)
npm http cache safer-buffer@https://<redacted>/safer-buffer/-/safer-buffer-2.1.2.tgz 0ms (cache hit)
npm http cache rimraf@https://<redacted>/rimraf/-/rimraf-3.0.2.tgz 0ms (cache hit)
npm http cache resp-modifier@https://<redacted>/resp-modifier/-/resp-modifier-6.0.2.tgz 0ms (cache hit)
npm http cache reusify@https://<redacted>/reusify/-/reusify-1.0.4.tgz 0ms (cache hit)
npm http cache requires-port@https://<redacted>/requires-port/-/requires-port-1.0.0.tgz 0ms (cache hit)
npm http cache glob@https://<redacted>/glob/-/glob-7.2.3.tgz 0ms (cache hit)
npm http cache inherits@https://<redacted>/inherits/-/inherits-2.0.4.tgz 0ms (cache hit)
npm http cache statuses@https://<redacted>/statuses/-/statuses-2.0.2.tgz 0ms (cache hit)
npm http cache readdirp@https://<redacted>/readdirp/-/readdirp-3.6.0.tgz 0ms (cache hit)
npm http cache raw-body@https://<redacted>/raw-body/-/raw-body-2.5.3.tgz 0ms (cache hit)
npm http cache require-directory@https://<redacted>/require-directory/-/require-directory-2.1.1.tgz 0ms (cache hit)
npm http cache depd@https://<redacted>/depd/-/depd-2.0.0.tgz 0ms (cache hit)
npm http cache range-parser@https://<redacted>/range-parser/-/range-parser-1.2.1.tgz 0ms (cache hit)
npm http cache random-bytes@https://<redacted>/random-bytes/-/random-bytes-1.0.0.tgz 0ms (cache hit)
npm http cache http-errors@https://<redacted>/http-errors/-/http-errors-2.0.1.tgz 0ms (cache hit)
npm http cache pstree.remy@https://<redacted>/pstree.remy/-/pstree.remy-1.1.8.tgz 0ms (cache hit)
npm http cache queue-tick@https://<redacted>/queue-tick/-/queue-tick-1.0.1.tgz 0ms (cache hit)
npm http cache portscanner@https://<redacted>/portscanner/-/portscanner-2.2.0.tgz 0ms (cache hit)
npm http cache queue-microtask@https://<redacted>/queue-microtask/-/queue-microtask-1.2.3.tgz 0ms (cache hit)
npm http cache async@https://<redacted>/async/-/async-2.6.4.tgz 0ms (cache hit)
npm http cache picomatch@https://<redacted>/picomatch/-/picomatch-2.3.2.tgz 0ms (cache hit)
npm http cache proxy-addr@https://<redacted>/proxy-addr/-/proxy-addr-2.0.7.tgz 0ms (cache hit)
npm http cache path-to-regexp@https://<redacted>/path-to-regexp/-/path-to-regexp-0.1.13.tgz 0ms (cache hit)
npm http cache path-type@https://<redacted>/path-type/-/path-type-4.0.0.tgz 0ms (cache hit)
npm http cache path-key@https://<redacted>/path-key/-/path-key-3.1.1.tgz 0ms (cache hit)
npm http cache path-is-absolute@https://<redacted>/path-is-absolute/-/path-is-absolute-1.0.1.tgz 0ms (cache hit)
npm http cache p-map@https://<redacted>/p-map/-/p-map-4.0.0.tgz 0ms (cache hit)
npm http cache parseurl@https://<redacted>/parseurl/-/parseurl-1.3.3.tgz 0ms (cache hit)
npm http cache once@https://<redacted>/once/-/once-1.4.0.tgz 0ms (cache hit)
npm http cache on-headers@https://<redacted>/on-headers/-/on-headers-1.1.0.tgz 0ms (cache hit)
npm http cache opn@https://<redacted>/opn/-/opn-5.3.0.tgz 0ms (cache hit)
npm http cache nunjucks@https://<redacted>/nunjucks/-/nunjucks-3.2.4.tgz 0ms (cache hit)
npm http cache object-assign@https://<redacted>/object-assign/-/object-assign-4.1.1.tgz 0ms (cache hit)
npm http cache object-inspect@https://<redacted>/object-inspect/-/object-inspect-1.13.4.tgz 0ms (cache hit)
npm http cache nodemon@https://<redacted>/nodemon/-/nodemon-3.0.3.tgz 0ms (cache hit)
npm http cache commander@https://<redacted>/commander/-/commander-5.1.0.tgz 0ms (cache hit)
npm http cache nopt@https://<redacted>/nopt/-/nopt-1.0.10.tgz 0ms (cache hit)
npm http cache supports-color@https://<redacted>/supports-color/-/supports-color-5.5.0.tgz 0ms (cache hit)
npm http cache normalize-path@https://<redacted>/normalize-path/-/normalize-path-3.0.0.tgz 0ms (cache hit)
npm http cache debug@https://<redacted>/debug/-/debug-4.3.4.tgz 0ms (cache hit)
npm http cache node-addon-api@https://<redacted>/node-addon-api/-/node-addon-api-7.1.1.tgz 0ms (cache hit)
npm http cache on-finished@https://<redacted>/on-finished/-/on-finished-2.3.0.tgz 0ms (cache hit)
npm http cache negotiator@https://<redacted>/negotiator/-/negotiator-0.6.3.tgz 0ms (cache hit)
npm http cache ms@https://<redacted>/ms/-/ms-2.1.2.tgz 0ms (cache hit)
npm http cache ms@https://<redacted>/ms/-/ms-2.0.0.tgz 0ms (cache hit)
npm http cache mute-stream@https://<redacted>/mute-stream/-/mute-stream-2.0.0.tgz 0ms (cache hit)
npm http cache mitt@https://<redacted>/mitt/-/mitt-1.2.0.tgz 0ms (cache hit)
npm http cache mime-types@https://<redacted>/mime-types/-/mime-types-2.1.35.tgz 0ms (cache hit)
npm http cache minimatch@https://<redacted>/minimatch/-/minimatch-3.1.5.tgz 0ms (cache hit)
npm http cache mime@https://<redacted>/mime/-/mime-1.6.0.tgz 0ms (cache hit)
npm http cache micromatch@https://<redacted>/micromatch/-/micromatch-4.0.8.tgz 0ms (cache hit)
npm http cache mime-db@https://<redacted>/mime-db/-/mime-db-1.52.0.tgz 0ms (cache hit)
npm http cache merge-descriptors@https://<redacted>/merge-descriptors/-/merge-descriptors-1.0.3.tgz 0ms (cache hit)
npm http cache merge2@https://<redacted>/merge2/-/merge2-1.4.1.tgz 0ms (cache hit)
npm http cache media-typer@https://<redacted>/media-typer/-/media-typer-0.3.0.tgz 0ms (cache hit)
npm http cache methods@https://<redacted>/methods/-/methods-1.1.2.tgz 0ms (cache hit)
npm http cache lodash.isfinite@https://<redacted>/lodash.isfinite/-/lodash.isfinite-3.3.2.tgz 0ms (cache hit)
npm http cache marked@https://<redacted>/marked/-/marked-4.3.0.tgz 0ms (cache hit)
npm http cache lodash@https://<redacted>/lodash/-/lodash-4.18.1.tgz 0ms (cache hit)
npm http cache limiter@https://<redacted>/limiter/-/limiter-1.1.5.tgz 0ms (cache hit)
npm http cache math-intrinsics@https://<redacted>/math-intrinsics/-/math-intrinsics-1.1.0.tgz 0ms (cache hit)
npm http cache isexe@https://<redacted>/isexe/-/isexe-2.0.0.tgz 0ms (cache hit)
npm http cache jsonfile@https://<redacted>/jsonfile/-/jsonfile-6.1.0.tgz 0ms (cache hit)
npm http cache universalify@https://<redacted>/universalify/-/universalify-2.0.0.tgz 0ms (cache hit)
npm http cache is-wsl@https://<redacted>/is-wsl/-/is-wsl-1.1.0.tgz 0ms (cache hit)
npm http cache is-number-like@https://<redacted>/is-number-like/-/is-number-like-1.0.8.tgz 0ms (cache hit)
npm http cache is-path-cwd@https://<redacted>/is-path-cwd/-/is-path-cwd-2.2.0.tgz 0ms (cache hit)
npm http cache is-glob@https://<redacted>/is-glob/-/is-glob-4.0.3.tgz 0ms (cache hit)
npm http cache is-fullwidth-code-point@https://<redacted>/is-fullwidth-code-point/-/is-fullwidth-code-point-3.0.0.tgz 0ms (cache hit)
npm http cache is-extglob@https://<redacted>/is-extglob/-/is-extglob-2.1.1.tgz 0ms (cache hit)
npm http cache is-binary-path@https://<redacted>/is-binary-path/-/is-binary-path-2.1.0.tgz 0ms (cache hit)
npm http cache inflight@https://<redacted>/inflight/-/inflight-1.0.6.tgz 0ms (cache hit)
npm http cache ipaddr.js@https://<redacted>/ipaddr.js/-/ipaddr.js-1.9.1.tgz 0ms (cache hit)
npm http cache is-path-inside@https://<redacted>/is-path-inside/-/is-path-inside-3.0.3.tgz 0ms (cache hit)
npm http cache indent-string@https://<redacted>/indent-string/-/indent-string-4.0.0.tgz 0ms (cache hit)
npm http cache immutable@https://<redacted>/immutable/-/immutable-3.8.3.tgz 0ms (cache hit)
npm http cache inherits@https://<redacted>/inherits/-/inherits-2.0.3.tgz 0ms (cache hit)
npm http cache is-number@https://<redacted>/is-number/-/is-number-7.0.0.tgz 0ms (cache hit)
npm http cache ignore-by-default@https://<redacted>/ignore-by-default/-/ignore-by-default-1.0.1.tgz 0ms (cache hit)
npm http cache ignore@https://<redacted>/ignore/-/ignore-5.2.4.tgz 0ms (cache hit)
npm http cache iconv-lite@https://<redacted>/iconv-lite/-/iconv-lite-0.4.24.tgz 0ms (cache hit)
npm http cache http-proxy@https://<redacted>/http-proxy/-/http-proxy-1.18.1.tgz 0ms (cache hit)
npm http cache hasown@https://<redacted>/hasown/-/hasown-2.0.4.tgz 0ms (cache hit)
npm http cache http-errors@https://<redacted>/http-errors/-/http-errors-2.0.0.tgz 0ms (cache hit)
npm http cache inherits@https://<redacted>/inherits/-/inherits-2.0.4.tgz 0ms (cache hit)
npm http cache depd@https://<redacted>/depd/-/depd-2.0.0.tgz 0ms (cache hit)
npm http cache statuses@https://<redacted>/statuses/-/statuses-2.0.1.tgz 0ms (cache hit)
npm http cache has-flag@https://<redacted>/has-flag/-/has-flag-3.0.0.tgz 0ms (cache hit)
npm http cache has-symbols@https://<redacted>/has-symbols/-/has-symbols-1.1.0.tgz 0ms (cache hit)
npm http cache govuk-frontend@https://<redacted>/govuk-frontend/-/govuk-frontend-5.11.0.tgz 0ms (cache hit)
npm http cache graceful-fs@https://<redacted>/graceful-fs/-/graceful-fs-4.2.10.tgz 0ms (cache hit)
npm http cache gopd@https://<redacted>/gopd/-/gopd-1.2.0.tgz 0ms (cache hit)
npm http cache get-proto@https://<redacted>/get-proto/-/get-proto-1.0.1.tgz 0ms (cache hit)
npm http cache globby@https://<redacted>/globby/-/globby-11.1.0.tgz 0ms (cache hit)
npm http cache get-intrinsic@https://<redacted>/get-intrinsic/-/get-intrinsic-1.3.0.tgz 0ms (cache hit)
npm http cache get-caller-file@https://<redacted>/get-caller-file/-/get-caller-file-2.0.5.tgz 0ms (cache hit)
npm http cache fsevents@https://<redacted>/fsevents/-/fsevents-2.3.2.tgz 0ms (cache hit)
npm http cache fs.realpath@https://<redacted>/fs.realpath/-/fs.realpath-1.0.0.tgz 0ms (cache hit)
npm http cache glob-parent@https://<redacted>/glob-parent/-/glob-parent-5.1.2.tgz 0ms (cache hit)
npm http cache function-bind@https://<redacted>/function-bind/-/function-bind-1.1.2.tgz 0ms (cache hit)
npm http cache fs-extra@https://<redacted>/fs-extra/-/fs-extra-11.2.0.tgz 0ms (cache hit)
npm http cache forwarded@https://<redacted>/forwarded/-/forwarded-0.2.0.tgz 0ms (cache hit)
npm http cache universalify@https://<redacted>/universalify/-/universalify-2.0.0.tgz 0ms (cache hit)
npm http cache follow-redirects@https://<redacted>/follow-redirects/-/follow-redirects-1.16.0.tgz 0ms (cache hit)
npm http cache finalhandler@https://<redacted>/finalhandler/-/finalhandler-1.1.0.tgz 0ms (cache hit)
npm http cache fresh@https://<redacted>/fresh/-/fresh-0.5.2.tgz 0ms (cache hit)
npm http cache fill-range@https://<redacted>/fill-range/-/fill-range-7.1.1.tgz 0ms (cache hit)
npm http cache fastq@https://<redacted>/fastq/-/fastq-1.13.0.tgz 0ms (cache hit)
npm http cache statuses@https://<redacted>/statuses/-/statuses-1.3.1.tgz 0ms (cache hit)
npm http cache fast-fifo@https://<redacted>/fast-fifo/-/fast-fifo-1.2.0.tgz 0ms (cache hit)
npm http cache express-session@https://<redacted>/express-session/-/express-session-1.18.2.tgz 0ms (cache hit)
npm http cache depd@https://<redacted>/depd/-/depd-2.0.0.tgz 0ms (cache hit)
npm http cache cookie-signature@https://<redacted>/cookie-signature/-/cookie-signature-1.0.7.tgz 0ms (cache hit)
npm http cache express@https://<redacted>/express/-/express-4.22.2.tgz 0ms (cache hit)
npm http cache safe-buffer@https://<redacted>/safe-buffer/-/safe-buffer-5.2.1.tgz 0ms (cache hit)
npm http cache fast-glob@https://<redacted>/fast-glob/-/fast-glob-3.3.1.tgz 0ms (cache hit)
npm http cache on-finished@https://<redacted>/on-finished/-/on-finished-2.4.1.tgz 0ms (cache hit)
npm http cache statuses@https://<redacted>/statuses/-/statuses-2.0.1.tgz 0ms (cache hit)
npm http cache qs@https://<redacted>/qs/-/qs-6.15.2.tgz 0ms (cache hit)
npm http cache depd@https://<redacted>/depd/-/depd-2.0.0.tgz 0ms (cache hit)
npm http cache etag@https://<redacted>/etag/-/etag-1.8.1.tgz 0ms (cache hit)
npm http cache escape-html@https://<redacted>/escape-html/-/escape-html-1.0.3.tgz 0ms (cache hit)
npm http cache finalhandler@https://<redacted>/finalhandler/-/finalhandler-1.3.1.tgz 0ms (cache hit)
npm http cache eventemitter3@https://<redacted>/eventemitter3/-/eventemitter3-4.0.7.tgz 0ms (cache hit)
npm http cache escalade@https://<redacted>/escalade/-/escalade-3.2.0.tgz 0ms (cache hit)
npm http cache es-object-atoms@https://<redacted>/es-object-atoms/-/es-object-atoms-1.1.1.tgz 0ms (cache hit)
npm http cache es-errors@https://<redacted>/es-errors/-/es-errors-1.3.0.tgz 0ms (cache hit)
npm http cache es-define-property@https://<redacted>/es-define-property/-/es-define-property-1.0.1.tgz 0ms (cache hit)
npm http cache engine.io-parser@https://<redacted>/engine.io-parser/-/engine.io-parser-5.2.3.tgz 0ms (cache hit)
npm http cache engine.io-client@https://<redacted>/engine.io-client/-/engine.io-client-6.6.6.tgz 0ms (cache hit)
npm http cache engine.io@https://<redacted>/engine.io/-/engine.io-6.6.9.tgz 0ms (cache hit)
npm http cache ms@https://<redacted>/ms/-/ms-2.1.3.tgz 0ms (cache hit)
npm http cache debug@https://<redacted>/debug/-/debug-4.4.3.tgz 0ms (cache hit)
npm http cache ms@https://<redacted>/ms/-/ms-2.1.3.tgz 0ms (cache hit)
npm http cache debug@https://<redacted>/debug/-/debug-4.4.3.tgz 0ms (cache hit)
npm http cache ee-first@https://<redacted>/ee-first/-/ee-first-1.1.1.tgz 0ms (cache hit)
npm http cache encodeurl@https://<redacted>/encodeurl/-/encodeurl-2.0.0.tgz 0ms (cache hit)
npm http cache eazy-logger@https://<redacted>/eazy-logger/-/eazy-logger-4.1.0.tgz 0ms (cache hit)
npm http cache dunder-proto@https://<redacted>/dunder-proto/-/dunder-proto-1.0.1.tgz 0ms (cache hit)
npm http cache easy-extender@https://<redacted>/easy-extender/-/easy-extender-2.3.4.tgz 0ms (cache hit)
npm http cache safe-buffer@https://<redacted>/safe-buffer/-/safe-buffer-5.2.1.tgz 0ms (cache hit)
npm http cache encodeurl@https://<redacted>/encodeurl/-/encodeurl-1.0.2.tgz 0ms (cache hit)
npm http cache emoji-regex@https://<redacted>/emoji-regex/-/emoji-regex-8.0.0.tgz 0ms (cache hit)
npm http cache dev-ip@https://<redacted>/dev-ip/-/dev-ip-1.0.1.tgz 0ms (cache hit)
npm http cache dotenv@https://<redacted>/dotenv/-/dotenv-16.4.5.tgz 0ms (cache hit)
npm http cache dir-glob@https://<redacted>/dir-glob/-/dir-glob-3.0.1.tgz 0ms (cache hit)
npm http cache detect-libc@https://<redacted>/detect-libc/-/detect-libc-1.0.3.tgz 0ms (cache hit)
npm http cache destroy@https://<redacted>/destroy/-/destroy-1.2.0.tgz 0ms (cache hit)
npm http cache depd@https://<redacted>/depd/-/depd-1.1.2.tgz 0ms (cache hit)
npm http cache del@https://<redacted>/del/-/del-6.1.1.tgz 0ms (cache hit)
npm http cache debug@https://<redacted>/debug/-/debug-2.6.9.tgz 0ms (cache hit)
npm http cache cors@https://<redacted>/cors/-/cors-2.8.5.tgz 0ms (cache hit)
npm http cache cookie-signature@https://<redacted>/cookie-signature/-/cookie-signature-1.0.6.tgz 0ms (cache hit)
npm http cache csrf-csrf@https://<redacted>/csrf-csrf/-/csrf-csrf-2.3.0.tgz 0ms (cache hit)
npm http cache cross-spawn@https://<redacted>/cross-spawn/-/cross-spawn-7.0.6.tgz 0ms (cache hit)
npm http cache cookie-parser@https://<redacted>/cookie-parser/-/cookie-parser-1.4.7.tgz 0ms (cache hit)
npm http cache cookie@https://<redacted>/cookie/-/cookie-0.7.2.tgz 0ms (cache hit)
npm http cache content-disposition@https://<redacted>/content-disposition/-/content-disposition-0.5.4.tgz 0ms (cache hit)
npm http cache safe-buffer@https://<redacted>/safe-buffer/-/safe-buffer-5.2.1.tgz 0ms (cache hit)
npm http cache connect-history-api-fallback@https://<redacted>/connect-history-api-fallback/-/connect-history-api-fallback-1.6.0.tgz 0ms (cache hit)
npm http cache connect@https://<redacted>/connect/-/connect-3.6.6.tgz 0ms (cache hit)
npm http cache concat-map@https://<redacted>/concat-map/-/concat-map-0.0.1.tgz 0ms (cache hit)
npm http cache commander@https://<redacted>/commander/-/commander-2.20.3.tgz 0ms (cache hit)
npm http cache color-convert@https://<redacted>/color-convert/-/color-convert-2.0.1.tgz 0ms (cache hit)
npm http cache content-type@https://<redacted>/content-type/-/content-type-1.0.5.tgz 0ms (cache hit)
npm http cache cliui@https://<redacted>/cliui/-/cliui-7.0.4.tgz 0ms (cache hit)
npm http cache color-name@https://<redacted>/color-name/-/color-name-1.1.4.tgz 0ms (cache hit)
npm http cache cli-width@https://<redacted>/cli-width/-/cli-width-4.1.0.tgz 0ms (cache hit)
npm http cache chokidar@https://<redacted>/chokidar/-/chokidar-3.6.0.tgz 0ms (cache hit)
npm http cache call-bound@https://<redacted>/call-bound/-/call-bound-1.0.4.tgz 0ms (cache hit)
npm http cache chalk@https://<redacted>/chalk/-/chalk-4.1.2.tgz 0ms (cache hit)
npm http cache call-bind-apply-helpers@https://<redacted>/call-bind-apply-helpers/-/call-bind-apply-helpers-1.0.2.tgz 0ms (cache hit)
npm http cache bs-recipes@https://<redacted>/bs-recipes/-/bs-recipes-1.3.4.tgz 0ms (cache hit)
npm http cache bytes@https://<redacted>/bytes/-/bytes-3.1.2.tgz 0ms (cache hit)
npm http cache clean-stack@https://<redacted>/clean-stack/-/clean-stack-2.2.0.tgz 0ms (cache hit)
npm http cache browser-sync-ui@https://<redacted>/browser-sync-ui/-/browser-sync-ui-3.0.4.tgz 0ms (cache hit)
npm http cache browser-sync@https://<redacted>/browser-sync/-/browser-sync-3.0.4.tgz 0ms (cache hit)
npm http cache browser-sync-client@https://<redacted>/browser-sync-client/-/browser-sync-client-3.0.4.tgz 0ms (cache hit)
npm http cache jsonfile@https://<redacted>/jsonfile/-/jsonfile-3.0.1.tgz 0ms (cache hit)
npm http cache brace-expansion@https://<redacted>/brace-expansion/-/brace-expansion-1.1.13.tgz 0ms (cache hit)
npm http cache fs-extra@https://<redacted>/fs-extra/-/fs-extra-3.0.1.tgz 0ms (cache hit)
npm http cache braces@https://<redacted>/braces/-/braces-3.0.3.tgz 0ms (cache hit)
npm http cache body-parser@https://<redacted>/body-parser/-/body-parser-1.20.5.tgz 0ms (cache hit)
npm http cache qs@https://<redacted>/qs/-/qs-6.15.2.tgz 0ms (cache hit)
npm http cache inherits@https://<redacted>/inherits/-/inherits-2.0.4.tgz 0ms (cache hit)
npm http cache statuses@https://<redacted>/statuses/-/statuses-2.0.2.tgz 0ms (cache hit)
npm http cache http-errors@https://<redacted>/http-errors/-/http-errors-2.0.1.tgz 0ms (cache hit)
npm http cache on-finished@https://<redacted>/on-finished/-/on-finished-2.4.1.tgz 0ms (cache hit)
npm http cache batch@https://<redacted>/batch/-/batch-0.6.1.tgz 0ms (cache hit)
npm http cache base64id@https://<redacted>/base64id/-/base64id-2.0.0.tgz 0ms (cache hit)
npm http cache depd@https://<redacted>/depd/-/depd-2.0.0.tgz 0ms (cache hit)
npm http cache balanced-match@https://<redacted>/balanced-match/-/balanced-match-1.0.2.tgz 0ms (cache hit)
npm http cache b4a@https://<redacted>/b4a/-/b4a-1.6.4.tgz 0ms (cache hit)
npm http cache async-each-series@https://<redacted>/async-each-series/-/async-each-series-0.1.1.tgz 0ms (cache hit)
npm http cache binary-extensions@https://<redacted>/binary-extensions/-/binary-extensions-2.2.0.tgz 0ms (cache hit)
npm http cache array-union@https://<redacted>/array-union/-/array-union-2.1.0.tgz 0ms (cache hit)
npm http cache array-flatten@https://<redacted>/array-flatten/-/array-flatten-1.1.1.tgz 0ms (cache hit)
npm http cache ansi-styles@https://<redacted>/ansi-styles/-/ansi-styles-4.3.0.tgz 0ms (cache hit)
npm http cache asap@https://<redacted>/asap/-/asap-2.0.6.tgz 0ms (cache hit)
npm http cache anymatch@https://<redacted>/anymatch/-/anymatch-3.1.2.tgz 0ms (cache hit)
npm http cache ansi-regex@https://<redacted>/ansi-regex/-/ansi-regex-5.0.1.tgz 0ms (cache hit)
npm http cache ansi-colors@https://<redacted>/ansi-colors/-/ansi-colors-4.1.3.tgz 0ms (cache hit)
npm http cache type-fest@https://<redacted>/type-fest/-/type-fest-0.21.3.tgz 0ms (cache hit)
npm http cache aggregate-error@https://<redacted>/aggregate-error/-/aggregate-error-3.1.0.tgz 0ms (cache hit)
npm http cache ansi-escapes@https://<redacted>/ansi-escapes/-/ansi-escapes-4.3.2.tgz 0ms (cache hit)
npm http cache a-sync-waterfall@https://<redacted>/a-sync-waterfall/-/a-sync-waterfall-1.0.1.tgz 0ms (cache hit)
npm http cache accepts@https://<redacted>/accepts/-/accepts-1.3.8.tgz 0ms (cache hit)
npm http cache @types/ws@https://<redacted>/@types/ws/-/ws-8.18.1.tgz 0ms (cache hit)
npm http cache @types/node@https://<redacted>/@types/node/-/node-22.17.2.tgz 0ms (cache hit)
npm http cache abbrev@https://<redacted>/abbrev/-/abbrev-1.1.1.tgz 0ms (cache hit)
npm http cache @types/cors@https://<redacted>/@types/cors/-/cors-2.8.19.tgz 0ms (cache hit)
npm http cache @socket.io/component-emitter@https://<redacted>/@socket.io/component-emitter/-/component-emitter-3.1.0.tgz 0ms (cache hit)
npm http cache @nodelib/fs.stat@https://<redacted>/@nodelib/fs.stat/-/fs.stat-2.0.5.tgz 0ms (cache hit)
npm http cache @parcel/watcher@https://<redacted>/@parcel/watcher/-/watcher-2.5.1.tgz 0ms (cache hit)
npm http cache @parcel/watcher-darwin-arm64@https://<redacted>/@parcel/watcher-darwin-arm64/-/watcher-darwin-arm64-2.5.1.tgz 0ms (cache hit)
npm http cache @nodelib/fs.walk@https://<redacted>/@nodelib/fs.walk/-/fs.walk-1.2.8.tgz 0ms (cache hit)
npm http cache @nodelib/fs.scandir@https://<redacted>/@nodelib/fs.scandir/-/fs.scandir-2.1.5.tgz 0ms (cache hit)
npm http cache @inquirer/type@https://<redacted>/@inquirer/type/-/type-3.0.8.tgz 0ms (cache hit)
npm http cache @inquirer/core@https://<redacted>/@inquirer/core/-/core-10.1.15.tgz 0ms (cache hit)
npm http cache @inquirer/figures@https://<redacted>/@inquirer/figures/-/figures-1.0.13.tgz 0ms (cache hit)
npm http cache wrap-ansi@https://<redacted>/wrap-ansi/-/wrap-ansi-6.2.0.tgz 0ms (cache hit)
npm http cache @inquirer/confirm@https://<redacted>/@inquirer/confirm/-/confirm-5.1.15.tgz 0ms (cache hit)
npm http cache qs@https://registry.npmjs.org/qs/-/qs-6.15.1.tgz 0ms (cache hit)
npm http cache signal-exit@https://<redacted>/signal-exit/-/signal-exit-4.1.0.tgz 0ms (cache hit)
npm http fetch GET 404 https://<redacted>/wrap-ansi/-/wrap-ansi-7.0.0.tgz 525ms (cache skip)
npm http fetch GET 404 https://<redacted>/vary/-/vary-1.1.2.tgz 525ms (cache skip)
npm http fetch GET 404 https://<redacted>/yargs-parser/-/yargs-parser-21.0.1.tgz 526ms (cache skip)
npm http fetch GET 404 https://<redacted>/xmlhttprequest-ssl/-/xmlhttprequest-ssl-2.1.2.tgz 526ms (cache skip)
npm http fetch GET 404 https://<redacted>/undici-types/-/undici-types-6.21.0.tgz 525ms (cache skip)
npm http fetch GET 404 https://<redacted>/which/-/which-2.0.2.tgz 543ms (cache skip)
npm http fetch GET 404 https://<redacted>/ws/-/ws-8.21.0.tgz 544ms (cache skip)
npm http fetch GET 404 https://<redacted>/universalify/-/universalify-0.1.2.tgz 544ms (cache skip)
npm http fetch GET 404 https://<redacted>/y18n/-/y18n-5.0.8.tgz 554ms (cache skip)
npm http fetch GET 404 https://<redacted>/unpipe/-/unpipe-1.0.0.tgz 554ms (cache skip)
npm http fetch GET 404 https://<redacted>/yargs/-/yargs-17.4.0.tgz 557ms (cache skip)
npm http fetch GET 404 https://<redacted>/yoctocolors-cjs/-/yoctocolors-cjs-2.1.3.tgz 557ms (cache skip)
npm http fetch GET 404 https://<redacted>/utils-merge/-/utils-merge-1.0.1.tgz 556ms (cache skip)
npm http fetch GET 404 https://<redacted>/wrappy/-/wrappy-1.0.2.tgz 557ms (cache skip)
npm http fetch GET 404 https://<redacted>/ua-parser-js/-/ua-parser-js-1.0.35.tgz 641ms (cache skip)
npm http fetch GET 404 https://<redacted>/type-is/-/type-is-1.6.18.tgz 641ms (cache skip)
npm http fetch GET 404 https://<redacted>/to-regex-range/-/to-regex-range-5.0.1.tgz 641ms (cache skip)
npm http fetch GET 404 https://<redacted>/undefsafe/-/undefsafe-2.0.5.tgz 641ms (cache skip)
npm http fetch GET 404 https://<redacted>/touch/-/touch-3.1.0.tgz 642ms (cache skip)
npm http fetch GET 404 https://<redacted>/uid-safe/-/uid-safe-2.1.5.tgz 642ms (cache skip)
npm http fetch GET 404 https://<redacted>/supports-color/-/supports-color-7.2.0.tgz 642ms (cache skip)
npm http fetch GET 404 https://<redacted>/tar-stream/-/tar-stream-3.1.7.tgz 642ms (cache skip)
npm http fetch GET 404 https://<redacted>/stream-throttle/-/stream-throttle-0.1.3.tgz 799ms (cache skip)
npm http fetch GET 404 https://<redacted>/strip-ansi/-/strip-ansi-6.0.1.tgz 799ms (cache skip)
npm http fetch GET 404 https://<redacted>/statuses/-/statuses-1.5.0.tgz 798ms (cache skip)
npm http fetch GET 404 https://<redacted>/source-map-js/-/source-map-js-1.0.2.tgz 798ms (cache skip)
npm http fetch GET 404 https://<redacted>/socket.io-adapter/-/socket.io-adapter-2.5.8.tgz 799ms (cache skip)
npm http fetch GET 404 https://<redacted>/socket.io-client/-/socket.io-client-4.8.1.tgz 799ms (cache skip)
npm http fetch GET 404 https://<redacted>/has-flag/-/has-flag-4.0.0.tgz 799ms (cache skip)
npm http fetch GET 404 https://<redacted>/debug/-/debug-4.3.7.tgz 800ms (cache skip)
npm http fetch GET 404 https://<redacted>/streamx/-/streamx-2.15.0.tgz 800ms (cache skip)
npm http fetch GET 404 https://<redacted>/string-width/-/string-width-4.2.3.tgz 800ms (cache skip)
npm http fetch GET 404 https://<redacted>/socket.io-parser/-/socket.io-parser-4.2.6.tgz 801ms (cache skip)
npm http fetch GET 404 https://<redacted>/simple-update-notifier/-/simple-update-notifier-2.0.0.tgz 801ms (cache skip)
npm http fetch GET 404 https://<redacted>/socket.io/-/socket.io-4.8.1.tgz 801ms (cache skip)
npm http fetch GET 404 https://<redacted>/slash/-/slash-3.0.0.tgz 801ms (cache skip)
npm http fetch GET 404 https://<redacted>/side-channel-list/-/side-channel-list-1.0.0.tgz 862ms (cache skip)
npm http fetch GET 404 https://<redacted>/statuses/-/statuses-2.0.1.tgz 865ms (cache skip)
npm http fetch GET 404 https://<redacted>/serve-static/-/serve-static-1.16.2.tgz 865ms (cache skip)
npm http fetch GET 404 https://<redacted>/statuses/-/statuses-2.0.1.tgz 865ms (cache skip)
npm http fetch GET 404 https://<redacted>/send/-/send-0.19.0.tgz 865ms (cache skip)
npm http fetch GET 404 https://<redacted>/setprototypeof/-/setprototypeof-1.1.0.tgz 883ms (cache skip)
npm http fetch GET 404 https://<redacted>/shebang-command/-/shebang-command-2.0.0.tgz 883ms (cache skip)
npm http fetch GET 404 https://<redacted>/ms/-/ms-2.1.2.tgz 883ms (cache skip)
npm http fetch GET 404 https://<redacted>/shebang-regex/-/shebang-regex-3.0.0.tgz 883ms (cache skip)
npm http fetch GET 404 https://<redacted>/debug/-/debug-4.3.4.tgz 884ms (cache skip)
npm http fetch GET 404 https://<redacted>/send/-/send-0.19.1.tgz 945ms (cache skip)
npm http fetch GET 404 https://<redacted>/serve-index/-/serve-index-1.9.1.tgz 948ms (cache skip)
npm http fetch GET 404 https://<redacted>/side-channel/-/side-channel-1.1.0.tgz 948ms (cache skip)
npm http fetch GET 404 https://<redacted>/server-destroy/-/server-destroy-1.0.1.tgz 948ms (cache skip)
npm http fetch GET 404 https://<redacted>/sass/-/sass-1.89.2.tgz 948ms (cache skip)
npm http fetch GET 404 https://<redacted>/http-errors/-/http-errors-1.6.3.tgz 949ms (cache skip)
npm http fetch GET 404 https://<redacted>/encodeurl/-/encodeurl-1.0.2.tgz 948ms (cache skip)
npm http fetch GET 404 https://<redacted>/immutable/-/immutable-5.1.5.tgz 948ms (cache skip)
npm http fetch GET 404 https://<redacted>/readdirp/-/readdirp-4.1.2.tgz 949ms (cache skip)
npm http fetch GET 404 https://<redacted>/semver/-/semver-7.7.2.tgz 1068ms (cache skip)
npm http fetch GET 404 https://<redacted>/run-parallel/-/run-parallel-1.2.0.tgz 1068ms (cache skip)
npm http fetch GET 404 https://<redacted>/readdirp/-/readdirp-3.6.0.tgz 1069ms (cache skip)
npm http fetch GET 404 https://<redacted>/rimraf/-/rimraf-3.0.2.tgz 1069ms (cache skip)
npm http fetch GET 404 https://<redacted>/resp-modifier/-/resp-modifier-6.0.2.tgz 1069ms (cache skip)
npm http fetch GET 404 https://<redacted>/chokidar/-/chokidar-4.0.3.tgz 1069ms (cache skip)
npm http fetch GET 404 https://<redacted>/requires-port/-/requires-port-1.0.0.tgz 1069ms (cache skip)
npm http fetch GET 404 https://<redacted>/rx/-/rx-4.1.0.tgz 1069ms (cache skip)
npm http fetch GET 404 https://<redacted>/require-directory/-/require-directory-2.1.1.tgz 1069ms (cache skip)
npm http fetch GET 404 https://<redacted>/raw-body/-/raw-body-2.5.3.tgz 1069ms (cache skip)
npm http fetch GET 404 https://<redacted>/range-parser/-/range-parser-1.2.1.tgz 1068ms (cache skip)
npm http fetch GET 404 https://<redacted>/reusify/-/reusify-1.0.4.tgz 1070ms (cache skip)
npm http fetch GET 404 https://<redacted>/random-bytes/-/random-bytes-1.0.0.tgz 1069ms (cache skip)
npm http fetch GET 404 https://<redacted>/glob/-/glob-7.2.3.tgz 1070ms (cache skip)
npm http fetch GET 404 https://<redacted>/portscanner/-/portscanner-2.2.0.tgz 1236ms (cache skip)
npm http fetch GET 404 https://<redacted>/queue-microtask/-/queue-microtask-1.2.3.tgz 1235ms (cache skip)
npm http fetch GET 404 https://<redacted>/queue-tick/-/queue-tick-1.0.1.tgz 1236ms (cache skip)
npm http fetch GET 404 https://<redacted>/pstree.remy/-/pstree.remy-1.1.8.tgz 1237ms (cache skip)
npm http fetch GET 404 https://<redacted>/path-key/-/path-key-3.1.1.tgz 1235ms (cache skip)
npm http fetch GET 404 https://<redacted>/path-is-absolute/-/path-is-absolute-1.0.1.tgz 1235ms (cache skip)
npm http fetch GET 404 https://<redacted>/p-map/-/p-map-4.0.0.tgz 1235ms (cache skip)
npm http fetch GET 404 https://<redacted>/path-to-regexp/-/path-to-regexp-0.1.13.tgz 1236ms (cache skip)
npm http fetch GET 404 https://<redacted>/on-headers/-/on-headers-1.1.0.tgz 1235ms (cache skip)
npm http fetch GET 404 https://<redacted>/once/-/once-1.4.0.tgz 1235ms (cache skip)
npm http fetch GET 404 https://<redacted>/path-type/-/path-type-4.0.0.tgz 1236ms (cache skip)
npm http fetch GET 404 https://<redacted>/picomatch/-/picomatch-2.3.2.tgz 1237ms (cache skip)
npm http fetch GET 404 https://<redacted>/opn/-/opn-5.3.0.tgz 1236ms (cache skip)
npm http fetch GET 404 https://<redacted>/async/-/async-2.6.4.tgz 1237ms (cache skip)
npm http fetch GET 404 https://<redacted>/debug/-/debug-4.3.4.tgz 1370ms (cache skip)
npm http fetch GET 404 https://<redacted>/nunjucks/-/nunjucks-3.2.4.tgz 1373ms (cache skip)
npm http fetch GET 404 https://<redacted>/normalize-path/-/normalize-path-3.0.0.tgz 1373ms (cache skip)
npm http fetch GET 404 https://<redacted>/supports-color/-/supports-color-5.5.0.tgz 1374ms (cache skip)
npm http fetch GET 404 https://<redacted>/nopt/-/nopt-1.0.10.tgz 1374ms (cache skip)
npm http fetch GET 404 https://<redacted>/node-addon-api/-/node-addon-api-7.1.1.tgz 1374ms (cache skip)
npm verbose reify failed optional dependency /Users/melissa.gentles1/Documents/Refactor-Workspace/cacsr-refactor/node_modules/govuk-prototype-kit/node_modules/node-addon-api
npm verbose reify failed optional dependency /Users/melissa.gentles1/Documents/Refactor-Workspace/cacsr-refactor/node_modules/govuk-prototype-kit/node_modules/@parcel/watcher
npm verbose reify failed optional dependency /Users/melissa.gentles1/Documents/Refactor-Workspace/cacsr-refactor/node_modules/govuk-prototype-kit/node_modules/detect-libc
npm http fetch GET 404 https://<redacted>/nodemon/-/nodemon-3.0.3.tgz 1374ms (cache skip)
npm http fetch GET 404 https://<redacted>/ms/-/ms-2.1.2.tgz 1373ms (cache skip)
npm http fetch GET 404 https://<redacted>/negotiator/-/negotiator-0.6.3.tgz 1374ms (cache skip)
npm http fetch GET 404 https://<redacted>/object-assign/-/object-assign-4.1.1.tgz 1375ms (cache skip)
npm http fetch GET 404 https://<redacted>/commander/-/commander-5.1.0.tgz 1375ms (cache skip)
npm http fetch GET 404 https://<redacted>/mute-stream/-/mute-stream-2.0.0.tgz 1374ms (cache skip)
npm http fetch GET 404 https://<redacted>/ms/-/ms-2.0.0.tgz 1374ms (cache skip)
npm http fetch GET 404 https://<redacted>/on-finished/-/on-finished-2.3.0.tgz 1375ms (cache skip)
npm http fetch GET 404 https://<redacted>/limiter/-/limiter-1.1.5.tgz 1474ms (cache skip)
npm http fetch GET 404 https://<redacted>/mime/-/mime-1.6.0.tgz 1474ms (cache skip)
npm http fetch GET 404 https://<redacted>/lodash.isfinite/-/lodash.isfinite-3.3.2.tgz 1474ms (cache skip)
npm http fetch GET 404 https://<redacted>/mitt/-/mitt-1.2.0.tgz 1475ms (cache skip)
npm http fetch GET 404 https://<redacted>/micromatch/-/micromatch-4.0.8.tgz 1475ms (cache skip)
npm http fetch GET 404 https://<redacted>/merge-descriptors/-/merge-descriptors-1.0.3.tgz 1475ms (cache skip)
npm http fetch GET 404 https://<redacted>/marked/-/marked-4.3.0.tgz 1475ms (cache skip)
npm http fetch GET 404 https://<redacted>/mime-db/-/mime-db-1.52.0.tgz 1475ms (cache skip)
npm http fetch GET 404 https://<redacted>/lodash/-/lodash-4.18.1.tgz 1476ms (cache skip)
npm http fetch GET 404 https://<redacted>/minimatch/-/minimatch-3.1.5.tgz 1476ms (cache skip)
npm http fetch GET 404 https://<redacted>/merge2/-/merge2-1.4.1.tgz 1476ms (cache skip)
npm http fetch GET 404 https://<redacted>/methods/-/methods-1.1.2.tgz 1476ms (cache skip)
npm http fetch GET 404 https://<redacted>/media-typer/-/media-typer-0.3.0.tgz 1479ms (cache skip)
npm http fetch GET 404 https://<redacted>/mime-types/-/mime-types-2.1.35.tgz 1482ms (cache skip)
npm http fetch GET 404 https://<redacted>/is-number-like/-/is-number-like-1.0.8.tgz 1562ms (cache skip)
npm http fetch GET 404 https://<redacted>/jsonfile/-/jsonfile-6.1.0.tgz 1564ms (cache skip)
npm http fetch GET 404 https://<redacted>/is-path-cwd/-/is-path-cwd-2.2.0.tgz 1563ms (cache skip)
npm http fetch GET 404 https://<redacted>/universalify/-/universalify-2.0.0.tgz 1563ms (cache skip)
npm http fetch GET 404 https://<redacted>/isexe/-/isexe-2.0.0.tgz 1564ms (cache skip)
npm http fetch GET 404 https://<redacted>/is-binary-path/-/is-binary-path-2.1.0.tgz 1563ms (cache skip)
npm http fetch GET 404 https://<redacted>/is-wsl/-/is-wsl-1.1.0.tgz 1564ms (cache skip)
npm http fetch GET 404 https://<redacted>/is-path-inside/-/is-path-inside-3.0.3.tgz 1564ms (cache skip)
npm http fetch GET 404 https://<redacted>/is-fullwidth-code-point/-/is-fullwidth-code-point-3.0.0.tgz 1564ms (cache skip)
npm http fetch GET 404 https://<redacted>/inflight/-/inflight-1.0.6.tgz 1564ms (cache skip)
npm http fetch GET 404 https://<redacted>/indent-string/-/indent-string-4.0.0.tgz 1564ms (cache skip)
npm http fetch GET 404 https://<redacted>/immutable/-/immutable-3.8.3.tgz 1565ms (cache skip)
npm http fetch GET 404 https://<redacted>/is-extglob/-/is-extglob-2.1.1.tgz 1565ms (cache skip)
npm http fetch GET 404 https://<redacted>/is-glob/-/is-glob-4.0.3.tgz 1565ms (cache skip)
npm http fetch GET 404 https://<redacted>/has-flag/-/has-flag-3.0.0.tgz 1650ms (cache skip)
npm http fetch GET 404 https://<redacted>/inherits/-/inherits-2.0.3.tgz 1651ms (cache skip)
npm http fetch GET 404 https://<redacted>/ignore-by-default/-/ignore-by-default-1.0.1.tgz 1651ms (cache skip)
npm http fetch GET 404 https://<redacted>/statuses/-/statuses-2.0.1.tgz 1651ms (cache skip)
npm http fetch GET 404 https://<redacted>/is-number/-/is-number-7.0.0.tgz 1652ms (cache skip)
npm http fetch GET 404 https://<redacted>/ignore/-/ignore-5.2.4.tgz 1652ms (cache skip)
npm http fetch GET 404 https://<redacted>/govuk-frontend/-/govuk-frontend-5.11.0.tgz 1651ms (cache skip)
npm http fetch GET 404 https://<redacted>/http-proxy/-/http-proxy-1.18.1.tgz 1653ms (cache skip)
npm http fetch GET 404 https://<redacted>/iconv-lite/-/iconv-lite-0.4.24.tgz 1653ms (cache skip)
npm http fetch GET 404 https://<redacted>/http-errors/-/http-errors-2.0.0.tgz 1653ms (cache skip)
npm http fetch GET 404 https://<redacted>/graceful-fs/-/graceful-fs-4.2.10.tgz 1652ms (cache skip)
npm http fetch GET 404 https://<redacted>/get-caller-file/-/get-caller-file-2.0.5.tgz 1653ms (cache skip)
npm http fetch GET 404 https://<redacted>/fsevents/-/fsevents-2.3.2.tgz 1653ms (cache skip)
npm verbose reify failed optional dependency /Users/melissa.gentles1/Documents/Refactor-Workspace/cacsr-refactor/node_modules/govuk-prototype-kit/node_modules/fsevents
npm http fetch GET 404 https://<redacted>/globby/-/globby-11.1.0.tgz 1653ms (cache skip)
npm http fetch GET 404 https://<redacted>/glob-parent/-/glob-parent-5.1.2.tgz 1716ms (cache skip)
npm http fetch GET 404 https://<redacted>/follow-redirects/-/follow-redirects-1.16.0.tgz 1716ms (cache skip)
npm http fetch GET 404 https://<redacted>/fs.realpath/-/fs.realpath-1.0.0.tgz 1716ms (cache skip)
npm http fetch GET 404 https://<redacted>/universalify/-/universalify-2.0.0.tgz 1717ms (cache skip)
npm http fetch GET 404 https://<redacted>/fs-extra/-/fs-extra-11.2.0.tgz 1717ms (cache skip)
npm http fetch GET 404 https://<redacted>/finalhandler/-/finalhandler-1.1.0.tgz 1717ms (cache skip)
npm http fetch GET 404 https://<redacted>/fastq/-/fastq-1.13.0.tgz 1717ms (cache skip)
npm http fetch GET 404 https://<redacted>/fresh/-/fresh-0.5.2.tgz 1717ms (cache skip)
npm http fetch GET 404 https://<redacted>/fill-range/-/fill-range-7.1.1.tgz 1719ms (cache skip)
npm http fetch GET 404 https://<redacted>/statuses/-/statuses-1.3.1.tgz 1724ms (cache skip)
npm http fetch GET 404 https://<redacted>/express/-/express-4.22.2.tgz 1725ms (cache skip)
npm http fetch GET 404 https://<redacted>/fast-fifo/-/fast-fifo-1.2.0.tgz 1727ms (cache skip)
npm http fetch GET 404 https://<redacted>/cookie-signature/-/cookie-signature-1.0.7.tgz 1727ms (cache skip)
npm http fetch GET 404 https://<redacted>/express-session/-/express-session-1.18.2.tgz 1727ms (cache skip)
npm http fetch GET 404 https://<redacted>/safe-buffer/-/safe-buffer-5.2.1.tgz 1778ms (cache skip)
npm http fetch GET 404 https://<redacted>/statuses/-/statuses-2.0.1.tgz 1778ms (cache skip)
npm http fetch GET 404 https://<redacted>/fast-glob/-/fast-glob-3.3.1.tgz 1779ms (cache skip)
npm http fetch GET 404 https://<redacted>/etag/-/etag-1.8.1.tgz 1779ms (cache skip)
npm http fetch GET 404 https://<redacted>/eventemitter3/-/eventemitter3-4.0.7.tgz 1779ms (cache skip)
npm http fetch GET 404 https://<redacted>/escalade/-/escalade-3.2.0.tgz 1779ms (cache skip)
npm http fetch GET 404 https://<redacted>/es-object-atoms/-/es-object-atoms-1.1.1.tgz 1780ms (cache skip)
npm http fetch GET 404 https://<redacted>/engine.io-parser/-/engine.io-parser-5.2.3.tgz 1780ms (cache skip)
npm http fetch GET 404 https://<redacted>/finalhandler/-/finalhandler-1.3.1.tgz 1780ms (cache skip)
npm http fetch GET 404 https://<redacted>/engine.io-client/-/engine.io-client-6.6.6.tgz 1780ms (cache skip)
npm http fetch GET 404 https://<redacted>/eazy-logger/-/eazy-logger-4.1.0.tgz 1869ms (cache skip)
npm http fetch GET 404 https://<redacted>/ee-first/-/ee-first-1.1.1.tgz 1870ms (cache skip)
npm http fetch GET 404 https://<redacted>/engine.io/-/engine.io-6.6.9.tgz 1871ms (cache skip)
npm http fetch GET 404 https://<redacted>/escape-html/-/escape-html-1.0.3.tgz 1871ms (cache skip)
npm http fetch GET 404 https://<redacted>/easy-extender/-/easy-extender-2.3.4.tgz 1983ms (cache skip)
npm http fetch GET 404 https://<redacted>/emoji-regex/-/emoji-regex-8.0.0.tgz 1984ms (cache skip)
npm http fetch GET 404 https://<redacted>/safe-buffer/-/safe-buffer-5.2.1.tgz 1984ms (cache skip)
npm http fetch GET 404 https://<redacted>/encodeurl/-/encodeurl-1.0.2.tgz 1984ms (cache skip)
npm http fetch GET 404 https://<redacted>/dir-glob/-/dir-glob-3.0.1.tgz 1985ms (cache skip)
npm http fetch GET 404 https://<redacted>/dev-ip/-/dev-ip-1.0.1.tgz 1985ms (cache skip)
npm http fetch GET 404 https://<redacted>/destroy/-/destroy-1.2.0.tgz 1985ms (cache skip)
npm http fetch GET 404 https://<redacted>/dotenv/-/dotenv-16.4.5.tgz 1985ms (cache skip)
npm http fetch GET 404 https://<redacted>/del/-/del-6.1.1.tgz 1986ms (cache skip)
npm http fetch GET 404 https://<redacted>/cors/-/cors-2.8.5.tgz 1986ms (cache skip)
npm http fetch GET 404 https://<redacted>/debug/-/debug-2.6.9.tgz 1986ms (cache skip)
npm http fetch GET 404 https://<redacted>/cookie-signature/-/cookie-signature-1.0.6.tgz 1986ms (cache skip)
npm http fetch GET 404 https://<redacted>/depd/-/depd-1.1.2.tgz 1986ms (cache skip)
npm http fetch GET 404 https://<redacted>/detect-libc/-/detect-libc-1.0.3.tgz 1987ms (cache skip)
npm verbose reify failed optional dependency /Users/melissa.gentles1/Documents/Refactor-Workspace/cacsr-refactor/node_modules/govuk-prototype-kit/node_modules/detect-libc
npm verbose reify failed optional dependency /Users/melissa.gentles1/Documents/Refactor-Workspace/cacsr-refactor/node_modules/govuk-prototype-kit/node_modules/@parcel/watcher
npm verbose reify failed optional dependency /Users/melissa.gentles1/Documents/Refactor-Workspace/cacsr-refactor/node_modules/govuk-prototype-kit/node_modules/node-addon-api
npm http fetch GET 404 https://<redacted>/csrf-csrf/-/csrf-csrf-2.3.0.tgz 2084ms (cache skip)
npm http fetch GET 404 https://<redacted>/cookie-parser/-/cookie-parser-1.4.7.tgz 2085ms (cache skip)
npm http fetch GET 404 https://<redacted>/content-disposition/-/content-disposition-0.5.4.tgz 2085ms (cache skip)
npm http fetch GET 404 https://<redacted>/cross-spawn/-/cross-spawn-7.0.6.tgz 2085ms (cache skip)
npm http fetch GET 404 https://<redacted>/safe-buffer/-/safe-buffer-5.2.1.tgz 2084ms (cache skip)
npm http fetch GET 404 https://<redacted>/cliui/-/cliui-7.0.4.tgz 2179ms (cache skip)
npm http fetch GET 404 https://<redacted>/connect-history-api-fallback/-/connect-history-api-fallback-1.6.0.tgz 2180ms (cache skip)
npm http fetch GET 404 https://<redacted>/color-convert/-/color-convert-2.0.1.tgz 2180ms (cache skip)
npm http fetch GET 404 https://<redacted>/cli-width/-/cli-width-4.1.0.tgz 2180ms (cache skip)
npm http fetch GET 404 https://<redacted>/color-name/-/color-name-1.1.4.tgz 2181ms (cache skip)
npm http fetch GET 404 https://<redacted>/chokidar/-/chokidar-3.6.0.tgz 2181ms (cache skip)
npm http fetch GET 404 https://<redacted>/concat-map/-/concat-map-0.0.1.tgz 2181ms (cache skip)
npm http fetch GET 404 https://<redacted>/commander/-/commander-2.20.3.tgz 2181ms (cache skip)
npm http fetch GET 404 https://<redacted>/connect/-/connect-3.6.6.tgz 2182ms (cache skip)
npm http fetch GET 404 https://<redacted>/browser-sync-ui/-/browser-sync-ui-3.0.4.tgz 2236ms (cache skip)
npm http fetch GET 404 https://<redacted>/fs-extra/-/fs-extra-3.0.1.tgz 2238ms (cache skip)
npm http fetch GET 404 https://<redacted>/brace-expansion/-/brace-expansion-1.1.13.tgz 2238ms (cache skip)
npm http fetch GET 404 https://<redacted>/jsonfile/-/jsonfile-3.0.1.tgz 2240ms (cache skip)
npm http fetch GET 404 https://<redacted>/braces/-/braces-3.0.3.tgz 2243ms (cache skip)
npm http fetch GET 404 https://<redacted>/base64id/-/base64id-2.0.0.tgz 2244ms (cache skip)
npm http fetch GET 404 https://<redacted>/browser-sync-client/-/browser-sync-client-3.0.4.tgz 2245ms (cache skip)
npm http fetch GET 404 https://<redacted>/balanced-match/-/balanced-match-1.0.2.tgz 2245ms (cache skip)
npm http fetch GET 404 https://<redacted>/batch/-/batch-0.6.1.tgz 2245ms (cache skip)
npm http fetch GET 404 https://<redacted>/clean-stack/-/clean-stack-2.2.0.tgz 2288ms (cache skip)
npm http fetch GET 404 https://<redacted>/browser-sync/-/browser-sync-3.0.4.tgz 2289ms (cache skip)
npm http fetch GET 404 https://<redacted>/body-parser/-/body-parser-1.20.5.tgz 2288ms (cache skip)
npm http fetch GET 404 https://<redacted>/bs-recipes/-/bs-recipes-1.3.4.tgz 2289ms (cache skip)
npm http fetch GET 404 https://<redacted>/chalk/-/chalk-4.1.2.tgz 2290ms (cache skip)
npm http fetch GET 404 https://<redacted>/b4a/-/b4a-1.6.4.tgz 2289ms (cache skip)
npm http fetch GET 404 https://<redacted>/binary-extensions/-/binary-extensions-2.2.0.tgz 2289ms (cache skip)
npm http fetch GET 404 https://<redacted>/async-each-series/-/async-each-series-0.1.1.tgz 2289ms (cache skip)
npm http fetch GET 404 https://<redacted>/array-union/-/array-union-2.1.0.tgz 2332ms (cache skip)
npm http fetch GET 404 https://<redacted>/asap/-/asap-2.0.6.tgz 2332ms (cache skip)
npm http fetch GET 404 https://<redacted>/array-flatten/-/array-flatten-1.1.1.tgz 2333ms (cache skip)
npm http fetch GET 404 https://<redacted>/ansi-regex/-/ansi-regex-5.0.1.tgz 2334ms (cache skip)
npm http fetch GET 404 https://<redacted>/anymatch/-/anymatch-3.1.2.tgz 2336ms (cache skip)
npm http fetch GET 404 https://<redacted>/ansi-styles/-/ansi-styles-4.3.0.tgz 2339ms (cache skip)
npm http fetch GET 404 https://<redacted>/ansi-escapes/-/ansi-escapes-4.3.2.tgz 2489ms (cache skip)
npm http fetch GET 404 https://<redacted>/@socket.io/component-emitter/-/component-emitter-3.1.0.tgz 2488ms (cache skip)
npm http fetch GET 404 https://<redacted>/aggregate-error/-/aggregate-error-3.1.0.tgz 2490ms (cache skip)
npm http fetch GET 404 https://<redacted>/ansi-colors/-/ansi-colors-4.1.3.tgz 2490ms (cache skip)
npm http fetch GET 404 https://<redacted>/@types/ws/-/ws-8.18.1.tgz 2489ms (cache skip)
npm http fetch GET 404 https://<redacted>/abbrev/-/abbrev-1.1.1.tgz 2490ms (cache skip)
npm http fetch GET 404 https://<redacted>/@types/node/-/node-22.17.2.tgz 2490ms (cache skip)
npm http fetch GET 404 https://<redacted>/type-fest/-/type-fest-0.21.3.tgz 2491ms (cache skip)
npm http fetch GET 404 https://<redacted>/@parcel/watcher-darwin-arm64/-/watcher-darwin-arm64-2.5.1.tgz 2491ms (cache skip)
npm verbose reify failed optional dependency /Users/melissa.gentles1/Documents/Refactor-Workspace/cacsr-refactor/node_modules/govuk-prototype-kit/node_modules/@parcel/watcher-darwin-arm64
npm http fetch GET 404 https://<redacted>/@parcel/watcher/-/watcher-2.5.1.tgz 2492ms (cache skip)
npm verbose reify failed optional dependency /Users/melissa.gentles1/Documents/Refactor-Workspace/cacsr-refactor/node_modules/govuk-prototype-kit/node_modules/@parcel/watcher
npm verbose reify failed optional dependency /Users/melissa.gentles1/Documents/Refactor-Workspace/cacsr-refactor/node_modules/govuk-prototype-kit/node_modules/detect-libc
npm verbose reify failed optional dependency /Users/melissa.gentles1/Documents/Refactor-Workspace/cacsr-refactor/node_modules/govuk-prototype-kit/node_modules/node-addon-api
npm http fetch GET 404 https://<redacted>/accepts/-/accepts-1.3.8.tgz 2492ms (cache skip)
npm http fetch GET 404 https://<redacted>/a-sync-waterfall/-/a-sync-waterfall-1.0.1.tgz 2492ms (cache skip)
npm http fetch GET 404 https://<redacted>/@types/cors/-/cors-2.8.19.tgz 2493ms (cache skip)
npm http fetch GET 404 https://<redacted>/@nodelib/fs.stat/-/fs.stat-2.0.5.tgz 2493ms (cache skip)
npm http fetch GET 404 https://<redacted>/@nodelib/fs.walk/-/fs.walk-1.2.8.tgz 2594ms (cache skip)
npm http fetch GET 404 https://<redacted>/@inquirer/confirm/-/confirm-5.1.15.tgz 2595ms (cache skip)
npm http fetch GET 404 https://<redacted>/@inquirer/figures/-/figures-1.0.13.tgz 2595ms (cache skip)
npm http fetch GET 404 https://<redacted>/wrap-ansi/-/wrap-ansi-6.2.0.tgz 2596ms (cache skip)
npm http fetch GET 404 https://<redacted>/@nodelib/fs.scandir/-/fs.scandir-2.1.5.tgz 2596ms (cache skip)
npm http fetch GET 404 https://<redacted>/@inquirer/core/-/core-10.1.15.tgz 2596ms (cache skip)
npm http fetch GET 404 https://<redacted>/signal-exit/-/signal-exit-4.1.0.tgz 2597ms (cache skip)
npm http fetch GET 404 https://<redacted>/@inquirer/type/-/type-3.0.8.tgz 2641ms (cache skip)
npm verbose stack HttpErrorGeneral: 404 Not Found - GET https://<redacted>/yoctocolors-cjs/-/yoctocolors-cjs-2.1.3.tgz
npm verbose stack     at /usr/local/lib/node_modules/npm/node_modules/npm-registry-fetch/lib/check-response.js:103:15
npm verbose stack     at process.processTicksAndRejections (node:internal/process/task_queues:105:5)
npm verbose statusCode 404
npm verbose pkgid yoctocolors-cjs@https://<redacted>/yoctocolors-cjs/-/yoctocolors-cjs-2.1.3.tgz
npm error code E404
npm error 404 Not Found - GET https://<redacted>/yoctocolors-cjs/-/yoctocolors-cjs-2.1.3.tgz
npm error 404
npm error 404  'yoctocolors-cjs@https://<redacted>/yoctocolors-cjs/-/yoctocolors-cjs-2.1.3.tgz' is not in this registry.
npm error 404
npm error 404 Note that you can also install from a
npm error 404 tarball, folder, http url, or git url.
npm verbose cwd /Users/melissa.gentles1/Documents/Refactor-Workspace/cacsr-refactor
npm verbose os Darwin 25.5.0
npm verbose node v24.1.0
npm verbose npm  v11.3.0
npm verbose exit 1
npm verbose code 1
npm error A complete log of this run can be found in: /Users/melissa.gentles1/.npm/_logs/2026-08-25T12_50_13_069Z-debug-0.log
